2026-07-01 22:56:36 INFO  TC_001_AccountRegistrationTestCase:15 - ********Starting TC_001_AccountRegistrationTestCase********
2026-07-01 22:56:36 INFO  TC_001_AccountRegistrationTestCase:20 - Home page loaded Successfully
2026-07-01 22:56:40 INFO  TC_001_AccountRegistrationTestCase:24 - Clicked on Register button
2026-07-01 22:56:41 INFO  TC_001_AccountRegistrationTestCase:32 - Entered the First Name
2026-07-01 22:56:41 INFO  TC_001_AccountRegistrationTestCase:37 - Entered the last Name
2026-07-01 22:56:41 INFO  TC_001_AccountRegistrationTestCase:43 - Entered the email
2026-07-01 22:56:41 INFO  TC_001_AccountRegistrationTestCase:49 - Entered the contact Number
2026-07-01 22:56:41 INFO  TC_001_AccountRegistrationTestCase:54 - Selected dropdown
2026-07-01 22:56:41 INFO  TC_001_AccountRegistrationTestCase:59 - Selected Gender - Male
2026-07-01 22:56:41 INFO  TC_001_AccountRegistrationTestCase:67 - Entered the Password
2026-07-01 22:56:41 INFO  TC_001_AccountRegistrationTestCase:73 - Entered the Password again
2026-07-01 22:56:41 INFO  TC_001_AccountRegistrationTestCase:78 - Clicked the privacy policy
2026-07-01 22:56:41 INFO  TC_001_AccountRegistrationTestCase:83 - Clicked the Register button
2026-07-01 22:56:41 INFO  TC_001_AccountRegistrationTestCase:88 - Verified the success message
2026-07-01 22:56:41 INFO  TC_001_AccountRegistrationTestCase:97 - ********Finished TC_001_AccountRegistrationTestCase********
2026-07-01 22:56:46 INFO  TC_002_LoginTestCase:15 - ********Starting TC_002_LoginTestCase********
2026-07-01 22:56:47 INFO  TC_002_LoginTestCase:21 - Entered Email
2026-07-01 22:56:47 INFO  TC_002_LoginTestCase:24 - Entered Password
2026-07-01 22:56:47 INFO  TC_002_LoginTestCase:27 - Clicked Login Button
2026-07-01 22:56:47 INFO  TC_002_LoginTestCase:31 - Verified Login
2026-07-01 22:56:47 INFO  TC_002_LoginTestCase:35 - Logged out from page.....
2026-07-01 22:56:47 INFO  TC_002_LoginTestCase:45 - ********Finished TC_002_LoginTestCase********
2026-07-01 22:56:52 INFO  TC_003_LoginDDT:22 - ********Starting TC_003_LoginDDTTestCase********
2026-07-01 22:56:53 INFO  TC_003_LoginDDT:28 - Entered Email
2026-07-01 22:56:53 INFO  TC_003_LoginDDT:31 - Entered Password
2026-07-01 22:56:53 INFO  TC_003_LoginDDT:34 - Clicked Login Button
2026-07-01 22:58:28 INFO  TC_001_AccountRegistrationTestCase:15 - ********Starting TC_001_AccountRegistrationTestCase********
2026-07-01 22:58:29 INFO  TC_001_AccountRegistrationTestCase:20 - Home page loaded Successfully
2026-07-01 22:58:33 INFO  TC_001_AccountRegistrationTestCase:24 - Clicked on Register button
2026-07-01 22:58:33 INFO  TC_001_AccountRegistrationTestCase:32 - Entered the First Name
2026-07-01 22:58:33 INFO  TC_001_AccountRegistrationTestCase:37 - Entered the last Name
2026-07-01 22:58:33 INFO  TC_001_AccountRegistrationTestCase:43 - Entered the email
2026-07-01 22:58:33 INFO  TC_001_AccountRegistrationTestCase:49 - Entered the contact Number
2026-07-01 22:58:33 INFO  TC_001_AccountRegistrationTestCase:54 - Selected dropdown
2026-07-01 22:58:33 INFO  TC_001_AccountRegistrationTestCase:59 - Selected Gender - Male
2026-07-01 22:58:33 INFO  TC_001_AccountRegistrationTestCase:67 - Entered the Password
2026-07-01 22:58:33 INFO  TC_001_AccountRegistrationTestCase:73 - Entered the Password again
2026-07-01 22:58:33 INFO  TC_001_AccountRegistrationTestCase:78 - Clicked the privacy policy
2026-07-01 22:58:33 INFO  TC_001_AccountRegistrationTestCase:83 - Clicked the Register button
2026-07-01 22:58:34 INFO  TC_001_AccountRegistrationTestCase:88 - Verified the success message
2026-07-01 22:58:34 INFO  TC_001_AccountRegistrationTestCase:97 - ********Finished TC_001_AccountRegistrationTestCase********
2026-07-01 22:58:38 INFO  TC_002_LoginTestCase:15 - ********Starting TC_002_LoginTestCase********
2026-07-01 22:58:38 INFO  TC_002_LoginTestCase:21 - Entered Email
2026-07-01 22:58:38 INFO  TC_002_LoginTestCase:24 - Entered Password
2026-07-01 22:58:38 INFO  TC_002_LoginTestCase:27 - Clicked Login Button
2026-07-01 22:58:38 INFO  TC_002_LoginTestCase:31 - Verified Login
2026-07-01 22:58:38 INFO  TC_002_LoginTestCase:35 - Logged out from page.....
2026-07-01 22:58:38 INFO  TC_002_LoginTestCase:45 - ********Finished TC_002_LoginTestCase********
2026-07-01 22:59:30 INFO  TC_001_AccountRegistrationTestCase:15 - ********Starting TC_001_AccountRegistrationTestCase********
2026-07-01 22:59:30 INFO  TC_001_AccountRegistrationTestCase:20 - Home page loaded Successfully
2026-07-01 22:59:34 INFO  TC_001_AccountRegistrationTestCase:24 - Clicked on Register button
2026-07-01 22:59:34 INFO  TC_001_AccountRegistrationTestCase:32 - Entered the First Name
2026-07-01 22:59:34 INFO  TC_001_AccountRegistrationTestCase:37 - Entered the last Name
2026-07-01 22:59:34 INFO  TC_001_AccountRegistrationTestCase:43 - Entered the email
2026-07-01 22:59:34 INFO  TC_001_AccountRegistrationTestCase:49 - Entered the contact Number
2026-07-01 22:59:34 INFO  TC_001_AccountRegistrationTestCase:54 - Selected dropdown
2026-07-01 22:59:34 INFO  TC_001_AccountRegistrationTestCase:59 - Selected Gender - Male
2026-07-01 22:59:34 INFO  TC_001_AccountRegistrationTestCase:67 - Entered the Password
2026-07-01 22:59:34 INFO  TC_001_AccountRegistrationTestCase:73 - Entered the Password again
2026-07-01 22:59:34 INFO  TC_001_AccountRegistrationTestCase:78 - Clicked the privacy policy
2026-07-01 22:59:34 INFO  TC_001_AccountRegistrationTestCase:83 - Clicked the Register button
2026-07-01 22:59:35 INFO  TC_001_AccountRegistrationTestCase:88 - Verified the success message
2026-07-01 22:59:35 INFO  TC_001_AccountRegistrationTestCase:97 - ********Finished TC_001_AccountRegistrationTestCase********
2026-07-01 22:59:39 INFO  TC_002_LoginTestCase:15 - ********Starting TC_002_LoginTestCase********
2026-07-01 22:59:39 INFO  TC_002_LoginTestCase:21 - Entered Email
2026-07-01 22:59:39 INFO  TC_002_LoginTestCase:24 - Entered Password
2026-07-01 22:59:39 INFO  TC_002_LoginTestCase:27 - Clicked Login Button
2026-07-01 22:59:39 INFO  TC_002_LoginTestCase:31 - Verified Login
2026-07-01 22:59:50 ERROR TC_002_LoginTestCase:40 - Test Failed.......
2026-07-01 23:03:34 INFO  TC_003_LoginDDT:22 - ********Starting TC_003_LoginDDTTestCase********
2026-07-01 23:03:34 INFO  TC_003_LoginDDT:28 - Entered Email
2026-07-01 23:03:34 INFO  TC_003_LoginDDT:31 - Entered Password
2026-07-01 23:03:34 INFO  TC_003_LoginDDT:34 - Clicked Login Button
2026-07-01 23:03:34 INFO  TC_003_LoginDDT:22 - ********Starting TC_003_LoginDDTTestCase********
2026-07-01 23:03:35 INFO  TC_003_LoginDDT:28 - Entered Email
2026-07-01 23:03:35 INFO  TC_003_LoginDDT:31 - Entered Password
2026-07-01 23:03:35 INFO  TC_003_LoginDDT:34 - Clicked Login Button
2026-07-01 23:03:35 INFO  TC_003_LoginDDT:22 - ********Starting TC_003_LoginDDTTestCase********
2026-07-01 23:03:35 INFO  TC_003_LoginDDT:28 - Entered Email
2026-07-01 23:03:35 INFO  TC_003_LoginDDT:31 - Entered Password
2026-07-01 23:03:35 INFO  TC_003_LoginDDT:34 - Clicked Login Button
2026-07-01 23:03:35 INFO  TC_003_LoginDDT:22 - ********Starting TC_003_LoginDDTTestCase********
2026-07-01 23:03:35 INFO  TC_003_LoginDDT:28 - Entered Email
2026-07-01 23:03:35 INFO  TC_003_LoginDDT:31 - Entered Password
2026-07-01 23:03:35 INFO  TC_003_LoginDDT:34 - Clicked Login Button
2026-07-01 23:03:35 INFO  TC_003_LoginDDT:59 - ********Finished TC_003_LoginDDTTestCase********
2026-07-01 23:03:35 INFO  TC_003_LoginDDT:22 - ********Starting TC_003_LoginDDTTestCase********
2026-07-01 23:03:35 INFO  TC_003_LoginDDT:28 - Entered Email
2026-07-01 23:03:35 INFO  TC_003_LoginDDT:31 - Entered Password
2026-07-01 23:03:36 INFO  TC_003_LoginDDT:34 - Clicked Login Button
2026-07-01 23:03:36 INFO  TC_003_LoginDDT:22 - ********Starting TC_003_LoginDDTTestCase********
2026-07-01 23:03:36 INFO  TC_003_LoginDDT:28 - Entered Email
2026-07-01 23:03:36 INFO  TC_003_LoginDDT:31 - Entered Password
2026-07-01 23:03:36 INFO  TC_003_LoginDDT:34 - Clicked Login Button
2026-07-01 23:03:36 INFO  TC_003_LoginDDT:59 - ********Finished TC_003_LoginDDTTestCase********
